// Jest Snapshot v1, https://goo.gl/fbAQLP

exports[`should renders correctly 1`] = `
<div
  className="ReactVirtualized__Table"
  id={undefined}
  role="grid"
  style={Object {}}
>
  <div
    className="ReactVirtualized__Table__headerRow test--people-list__row"
    role="row"
    style={
      Object {
        "height": 50,
        "overflow": "hidden",
        "paddingRight": 0,
        "width": 600,
      }
    }
  >
    <div
      className="ReactVirtualized__Table__headerColumn"
      role="columnheader"
      style={
        Object {
          "WebkitFlex": "0 1 200px",
          "flex": "0 1 200px",
          "msFlex": "0 1 200px",
        }
      }
    >
      <span
        className="ReactVirtualized__Table__headerTruncatedText"
        title="First Name"
      >
        First Name
      </span>
    </div>
    <div
      className="ReactVirtualized__Table__headerColumn"
      role="columnheader"
      style={
        Object {
          "WebkitFlex": "0 1 200px",
          "flex": "0 1 200px",
          "msFlex": "0 1 200px",
        }
      }
    >
      <span
        className="ReactVirtualized__Table__headerTruncatedText"
        title="Last Name"
      >
        Last Name
      </span>
    </div>
    <div
      className="ReactVirtualized__Table__headerColumn"
      role="columnheader"
      style={
        Object {
          "WebkitFlex": "0 1 200px",
          "flex": "0 1 200px",
          "msFlex": "0 1 200px",
        }
      }
    >
      <span
        className="ReactVirtualized__Table__headerTruncatedText"
        title="Email"
      >
        Email
      </span>
    </div>
  </div>
  <div
    aria-label="grid"
    className="ReactVirtualized__Grid ReactVirtualized__Table__Grid"
    id={undefined}
    onScroll={[Function]}
    role="rowgroup"
    style={
      Object {
        "WebkitOverflowScrolling": "touch",
        "boxSizing": "border-box",
        "direction": "ltr",
        "height": 250,
        "overflowX": "hidden",
        "overflowY": "auto",
        "position": "relative",
        "width": 600,
        "willChange": "transform",
      }
    }
    tabIndex={0}
  >
    <div
      className="ReactVirtualized__Grid__innerScrollContainer"
      style={
        Object {
          "height": 800,
          "maxHeight": 800,
          "maxWidth": 600,
          "overflow": "hidden",
          "pointerEvents": "",
          "position": "relative",
          "width": "auto",
        }
      }
    >
      <div
        className="ReactVirtualized__Table__row test--people-list__row"
        role="row"
        style={
          Object {
            "height": 40,
            "left": 0,
            "overflow": "hidden",
            "paddingRight": 0,
            "position": "absolute",
            "top": 0,
            "width": 600,
          }
        }
      >
        <div
          className="ReactVirtualized__Table__rowColumn"
          role="gridcell"
          style={
            Object {
              "WebkitFlex": "0 1 200px",
              "flex": "0 1 200px",
              "msFlex": "0 1 200px",
              "overflow": "hidden",
            }
          }
          title="Maurine"
        >
          Maurine
        </div>
        <div
          className="ReactVirtualized__Table__rowColumn"
          role="gridcell"
          style={
            Object {
              "WebkitFlex": "0 1 200px",
              "flex": "0 1 200px",
              "msFlex": "0 1 200px",
              "overflow": "hidden",
            }
          }
          title="Nikolaus"
        >
          Nikolaus
        </div>
        <div
          className="ReactVirtualized__Table__rowColumn"
          role="gridcell"
          style={
            Object {
              "WebkitFlex": "0 1 200px",
              "flex": "0 1 200px",
              "msFlex": "0 1 200px",
              "overflow": "hidden",
            }
          }
          title="Joel_Runte@gmail.com"
        >
          Joel_Runte@gmail.com
        </div>
      </div>
      <div
        className="ReactVirtualized__Table__row test--people-list__row"
        role="row"
        style={
          Object {
            "height": 40,
            "left": 0,
            "overflow": "hidden",
            "paddingRight": 0,
            "position": "absolute",
            "top": 40,
            "width": 600,
          }
        }
      >
        <div
          className="ReactVirtualized__Table__rowColumn"
          role="gridcell"
          style={
            Object {
              "WebkitFlex": "0 1 200px",
              "flex": "0 1 200px",
              "msFlex": "0 1 200px",
              "overflow": "hidden",
            }
          }
          title="Alec"
        >
          Alec
        </div>
        <div
          className="ReactVirtualized__Table__rowColumn"
          role="gridcell"
          style={
            Object {
              "WebkitFlex": "0 1 200px",
              "flex": "0 1 200px",
              "msFlex": "0 1 200px",
              "overflow": "hidden",
            }
          }
          title="Ortiz"
        >
          Ortiz
        </div>
        <div
          className="ReactVirtualized__Table__rowColumn"
          role="gridcell"
          style={
            Object {
              "WebkitFlex": "0 1 200px",
              "flex": "0 1 200px",
              "msFlex": "0 1 200px",
              "overflow": "hidden",
            }
          }
          title="Aida_Graham@hotmail.com"
        >
          Aida_Graham@hotmail.com
        </div>
      </div>
      <div
        className="ReactVirtualized__Table__row test--people-list__row"
        role="row"
        style={
          Object {
            "height": 40,
            "left": 0,
            "overflow": "hidden",
            "paddingRight": 0,
            "position": "absolute",
            "top": 80,
            "width": 600,
          }
        }
      >
        <div
          className="ReactVirtualized__Table__rowColumn"
          role="gridcell"
          style={
            Object {
              "WebkitFlex": "0 1 200px",
              "flex": "0 1 200px",
              "msFlex": "0 1 200px",
              "overflow": "hidden",
            }
          }
          title="Fatima"
        >
          Fatima
        </div>
        <div
          className="ReactVirtualized__Table__rowColumn"
          role="gridcell"
          style={
            Object {
              "WebkitFlex": "0 1 200px",
              "flex": "0 1 200px",
              "msFlex": "0 1 200px",
              "overflow": "hidden",
            }
          }
          title="Osinski"
        >
          Osinski
        </div>
        <div
          className="ReactVirtualized__Table__rowColumn"
          role="gridcell"
          style={
            Object {
              "WebkitFlex": "0 1 200px",
              "flex": "0 1 200px",
              "msFlex": "0 1 200px",
              "overflow": "hidden",
            }
          }
          title="Jacques.Dibbert75@hotmail.com"
        >
          Jacques.Dibbert75@hotmail.com
        </div>
      </div>
      <div
        className="ReactVirtualized__Table__row test--people-list__row"
        role="row"
        style={
          Object {
            "height": 40,
            "left": 0,
            "overflow": "hidden",
            "paddingRight": 0,
            "position": "absolute",
            "top": 120,
            "width": 600,
          }
        }
      >
        <div
          className="ReactVirtualized__Table__rowColumn"
          role="gridcell"
          style={
            Object {
              "WebkitFlex": "0 1 200px",
              "flex": "0 1 200px",
              "msFlex": "0 1 200px",
              "overflow": "hidden",
            }
          }
          title="Madison"
        >
          Madison
        </div>
        <div
          className="ReactVirtualized__Table__rowColumn"
          role="gridcell"
          style={
            Object {
              "WebkitFlex": "0 1 200px",
              "flex": "0 1 200px",
              "msFlex": "0 1 200px",
              "overflow": "hidden",
            }
          }
          title="Bogan"
        >
          Bogan
        </div>
        <div
          className="ReactVirtualized__Table__rowColumn"
          role="gridcell"
          style={
            Object {
              "WebkitFlex": "0 1 200px",
              "flex": "0 1 200px",
              "msFlex": "0 1 200px",
              "overflow": "hidden",
            }
          }
          title="Winfield_Ledner@gmail.com"
        >
          Winfield_Ledner@gmail.com
        </div>
      </div>
      <div
        className="ReactVirtualized__Table__row test--people-list__row"
        role="row"
        style={
          Object {
            "height": 40,
            "left": 0,
            "overflow": "hidden",
            "paddingRight": 0,
            "position": "absolute",
            "top": 160,
            "width": 600,
          }
        }
      >
        <div
          className="ReactVirtualized__Table__rowColumn"
          role="gridcell"
          style={
            Object {
              "WebkitFlex": "0 1 200px",
              "flex": "0 1 200px",
              "msFlex": "0 1 200px",
              "overflow": "hidden",
            }
          }
          title="Haleigh"
        >
          Haleigh
        </div>
        <div
          className="ReactVirtualized__Table__rowColumn"
          role="gridcell"
          style={
            Object {
              "WebkitFlex": "0 1 200px",
              "flex": "0 1 200px",
              "msFlex": "0 1 200px",
              "overflow": "hidden",
            }
          }
          title="Kautzer"
        >
          Kautzer
        </div>
        <div
          className="ReactVirtualized__Table__rowColumn"
          role="gridcell"
          style={
            Object {
              "WebkitFlex": "0 1 200px",
              "flex": "0 1 200px",
              "msFlex": "0 1 200px",
              "overflow": "hidden",
            }
          }
          title="Jovani2@gmail.com"
        >
          Jovani2@gmail.com
        </div>
      </div>
      <div
        className="ReactVirtualized__Table__row test--people-list__row"
        role="row"
        style={
          Object {
            "height": 40,
            "left": 0,
            "overflow": "hidden",
            "paddingRight": 0,
            "position": "absolute",
            "top": 200,
            "width": 600,
          }
        }
      >
        <div
          className="ReactVirtualized__Table__rowColumn"
          role="gridcell"
          style={
            Object {
              "WebkitFlex": "0 1 200px",
              "flex": "0 1 200px",
              "msFlex": "0 1 200px",
              "overflow": "hidden",
            }
          }
          title="Karlee"
        >
          Karlee
        </div>
        <div
          className="ReactVirtualized__Table__rowColumn"
          role="gridcell"
          style={
            Object {
              "WebkitFlex": "0 1 200px",
              "flex": "0 1 200px",
              "msFlex": "0 1 200px",
              "overflow": "hidden",
            }
          }
          title="Fay"
        >
          Fay
        </div>
        <div
          className="ReactVirtualized__Table__rowColumn"
          role="gridcell"
          style={
            Object {
              "WebkitFlex": "0 1 200px",
              "flex": "0 1 200px",
              "msFlex": "0 1 200px",
              "overflow": "hidden",
            }
          }
          title="Bobbie24@gmail.com"
        >
          Bobbie24@gmail.com
        </div>
      </div>
      <div
        className="ReactVirtualized__Table__row test--people-list__row"
        role="row"
        style={
          Object {
            "height": 40,
            "left": 0,
            "overflow": "hidden",
            "paddingRight": 0,
            "position": "absolute",
            "top": 240,
            "width": 600,
          }
        }
      >
        <div
          className="ReactVirtualized__Table__rowColumn"
          role="gridcell"
          style={
            Object {
              "WebkitFlex": "0 1 200px",
              "flex": "0 1 200px",
              "msFlex": "0 1 200px",
              "overflow": "hidden",
            }
          }
          title="Elmira"
        >
          Elmira
        </div>
        <div
          className="ReactVirtualized__Table__rowColumn"
          role="gridcell"
          style={
            Object {
              "WebkitFlex": "0 1 200px",
              "flex": "0 1 200px",
              "msFlex": "0 1 200px",
              "overflow": "hidden",
            }
          }
          title="Schamberger"
        >
          Schamberger
        </div>
        <div
          className="ReactVirtualized__Table__rowColumn"
          role="gridcell"
          style={
            Object {
              "WebkitFlex": "0 1 200px",
              "flex": "0 1 200px",
              "msFlex": "0 1 200px",
              "overflow": "hidden",
            }
          }
          title="Rosemary_Watsica@yahoo.com"
        >
          Rosemary_Watsica@yahoo.com
        </div>
      </div>
      <div
        className="ReactVirtualized__Table__row test--people-list__row"
        role="row"
        style={
          Object {
            "height": 40,
            "left": 0,
            "overflow": "hidden",
            "paddingRight": 0,
            "position": "absolute",
            "top": 280,
            "width": 600,
          }
        }
      >
        <div
          className="ReactVirtualized__Table__rowColumn"
          role="gridcell"
          style={
            Object {
              "WebkitFlex": "0 1 200px",
              "flex": "0 1 200px",
              "msFlex": "0 1 200px",
              "overflow": "hidden",
            }
          }
          title="Kameron"
        >
          Kameron
        </div>
        <div
          className="ReactVirtualized__Table__rowColumn"
          role="gridcell"
          style={
            Object {
              "WebkitFlex": "0 1 200px",
              "flex": "0 1 200px",
              "msFlex": "0 1 200px",
              "overflow": "hidden",
            }
          }
          title="Hudson"
        >
          Hudson
        </div>
        <div
          className="ReactVirtualized__Table__rowColumn"
          role="gridcell"
          style={
            Object {
              "WebkitFlex": "0 1 200px",
              "flex": "0 1 200px",
              "msFlex": "0 1 200px",
              "overflow": "hidden",
            }
          }
          title="Louisa81@hotmail.com"
        >
          Louisa81@hotmail.com
        </div>
      </div>
      <div
        className="ReactVirtualized__Table__row test--people-list__row"
        role="row"
        style={
          Object {
            "height": 40,
            "left": 0,
            "overflow": "hidden",
            "paddingRight": 0,
            "position": "absolute",
            "top": 320,
            "width": 600,
          }
        }
      >
        <div
          className="ReactVirtualized__Table__rowColumn"
          role="gridcell"
          style={
            Object {
              "WebkitFlex": "0 1 200px",
              "flex": "0 1 200px",
              "msFlex": "0 1 200px",
              "overflow": "hidden",
            }
          }
          title="Rudy"
        >
          Rudy
        </div>
        <div
          className="ReactVirtualized__Table__rowColumn"
          role="gridcell"
          style={
            Object {
              "WebkitFlex": "0 1 200px",
              "flex": "0 1 200px",
              "msFlex": "0 1 200px",
              "overflow": "hidden",
            }
          }
          title="Bradtke"
        >
          Bradtke
        </div>
        <div
          className="ReactVirtualized__Table__rowColumn"
          role="gridcell"
          style={
            Object {
              "WebkitFlex": "0 1 200px",
              "flex": "0 1 200px",
              "msFlex": "0 1 200px",
              "overflow": "hidden",
            }
          }
          title="Davon.Dibbert@gmail.com"
        >
          Davon.Dibbert@gmail.com
        </div>
      </div>
      <div
        className="ReactVirtualized__Table__row test--people-list__row"
        role="row"
        style={
          Object {
            "height": 40,
            "left": 0,
            "overflow": "hidden",
            "paddingRight": 0,
            "position": "absolute",
            "top": 360,
            "width": 600,
          }
        }
      >
        <div
          className="ReactVirtualized__Table__rowColumn"
          role="gridcell"
          style={
            Object {
              "WebkitFlex": "0 1 200px",
              "flex": "0 1 200px",
              "msFlex": "0 1 200px",
              "overflow": "hidden",
            }
          }
          title="Vance"
        >
          Vance
        </div>
        <div
          className="ReactVirtualized__Table__rowColumn"
          role="gridcell"
          style={
            Object {
              "WebkitFlex": "0 1 200px",
              "flex": "0 1 200px",
              "msFlex": "0 1 200px",
              "overflow": "hidden",
            }
          }
          title="Kessler"
        >
          Kessler
        </div>
        <div
          className="ReactVirtualized__Table__rowColumn"
          role="gridcell"
          style={
            Object {
              "WebkitFlex": "0 1 200px",
              "flex": "0 1 200px",
              "msFlex": "0 1 200px",
              "overflow": "hidden",
            }
          }
          title="Kathryn_Nader90@gmail.com"
        >
          Kathryn_Nader90@gmail.com
        </div>
      </div>
      <div
        className="ReactVirtualized__Table__row test--people-list__row"
        role="row"
        style={
          Object {
            "height": 40,
            "left": 0,
            "overflow": "hidden",
            "paddingRight": 0,
            "position": "absolute",
            "top": 400,
            "width": 600,
          }
        }
      >
        <div
          className="ReactVirtualized__Table__rowColumn"
          role="gridcell"
          style={
            Object {
              "WebkitFlex": "0 1 200px",
              "flex": "0 1 200px",
              "msFlex": "0 1 200px",
              "overflow": "hidden",
            }
          }
          title="Dayne"
        >
          Dayne
        </div>
        <div
          className="ReactVirtualized__Table__rowColumn"
          role="gridcell"
          style={
            Object {
              "WebkitFlex": "0 1 200px",
              "flex": "0 1 200px",
              "msFlex": "0 1 200px",
              "overflow": "hidden",
            }
          }
          title="Osinski"
        >
          Osinski
        </div>
        <div
          className="ReactVirtualized__Table__rowColumn"
          role="gridcell"
          style={
            Object {
              "WebkitFlex": "0 1 200px",
              "flex": "0 1 200px",
              "msFlex": "0 1 200px",
              "overflow": "hidden",
            }
          }
          title="Jeffrey98@yahoo.com"
        >
          Jeffrey98@yahoo.com
        </div>
      </div>
      <div
        className="ReactVirtualized__Table__row test--people-list__row"
        role="row"
        style={
          Object {
            "height": 40,
            "left": 0,
            "overflow": "hidden",
            "paddingRight": 0,
            "position": "absolute",
            "top": 440,
            "width": 600,
          }
        }
      >
        <div
          className="ReactVirtualized__Table__rowColumn"
          role="gridcell"
          style={
            Object {
              "WebkitFlex": "0 1 200px",
              "flex": "0 1 200px",
              "msFlex": "0 1 200px",
              "overflow": "hidden",
            }
          }
          title="Delores"
        >
          Delores
        </div>
        <div
          className="ReactVirtualized__Table__rowColumn"
          role="gridcell"
          style={
            Object {
              "WebkitFlex": "0 1 200px",
              "flex": "0 1 200px",
              "msFlex": "0 1 200px",
              "overflow": "hidden",
            }
          }
          title="Swaniawski"
        >
          Swaniawski
        </div>
        <div
          className="ReactVirtualized__Table__rowColumn"
          role="gridcell"
          style={
            Object {
              "WebkitFlex": "0 1 200px",
              "flex": "0 1 200px",
              "msFlex": "0 1 200px",
              "overflow": "hidden",
            }
          }
          title="Adrien_Wiegand26@gmail.com"
        >
          Adrien_Wiegand26@gmail.com
        </div>
      </div>
      <div
        className="ReactVirtualized__Table__row test--people-list__row"
        role="row"
        style={
          Object {
            "height": 40,
            "left": 0,
            "overflow": "hidden",
            "paddingRight": 0,
            "position": "absolute",
            "top": 480,
            "width": 600,
          }
        }
      >
        <div
          className="ReactVirtualized__Table__rowColumn"
          role="gridcell"
          style={
            Object {
              "WebkitFlex": "0 1 200px",
              "flex": "0 1 200px",
              "msFlex": "0 1 200px",
              "overflow": "hidden",
            }
          }
          title="Imelda"
        >
          Imelda
        </div>
        <div
          className="ReactVirtualized__Table__rowColumn"
          role="gridcell"
          style={
            Object {
              "WebkitFlex": "0 1 200px",
              "flex": "0 1 200px",
              "msFlex": "0 1 200px",
              "overflow": "hidden",
            }
          }
          title="Effertz"
        >
          Effertz
        </div>
        <div
          className="ReactVirtualized__Table__rowColumn"
          role="gridcell"
          style={
            Object {
              "WebkitFlex": "0 1 200px",
              "flex": "0 1 200px",
              "msFlex": "0 1 200px",
              "overflow": "hidden",
            }
          }
          title="Kevon_Batz@hotmail.com"
        >
          Kevon_Batz@hotmail.com
        </div>
      </div>
      <div
        className="ReactVirtualized__Table__row test--people-list__row"
        role="row"
        style={
          Object {
            "height": 40,
            "left": 0,
            "overflow": "hidden",
            "paddingRight": 0,
            "position": "absolute",
            "top": 520,
            "width": 600,
          }
        }
      >
        <div
          className="ReactVirtualized__Table__rowColumn"
          role="gridcell"
          style={
            Object {
              "WebkitFlex": "0 1 200px",
              "flex": "0 1 200px",
              "msFlex": "0 1 200px",
              "overflow": "hidden",
            }
          }
          title="Adolph"
        >
          Adolph
        </div>
        <div
          className="ReactVirtualized__Table__rowColumn"
          role="gridcell"
          style={
            Object {
              "WebkitFlex": "0 1 200px",
              "flex": "0 1 200px",
              "msFlex": "0 1 200px",
              "overflow": "hidden",
            }
          }
          title="Brekke"
        >
          Brekke
        </div>
        <div
          className="ReactVirtualized__Table__rowColumn"
          role="gridcell"
          style={
            Object {
              "WebkitFlex": "0 1 200px",
              "flex": "0 1 200px",
              "msFlex": "0 1 200px",
              "overflow": "hidden",
            }
          }
          title="Heather_Bosco55@gmail.com"
        >
          Heather_Bosco55@gmail.com
        </div>
      </div>
      <div
        className="ReactVirtualized__Table__row test--people-list__row"
        role="row"
        style={
          Object {
            "height": 40,
            "left": 0,
            "overflow": "hidden",
            "paddingRight": 0,
            "position": "absolute",
            "top": 560,
            "width": 600,
          }
        }
      >
        <div
          className="ReactVirtualized__Table__rowColumn"
          role="gridcell"
          style={
            Object {
              "WebkitFlex": "0 1 200px",
              "flex": "0 1 200px",
              "msFlex": "0 1 200px",
              "overflow": "hidden",
            }
          }
          title="Edwina"
        >
          Edwina
        </div>
        <div
          className="ReactVirtualized__Table__rowColumn"
          role="gridcell"
          style={
            Object {
              "WebkitFlex": "0 1 200px",
              "flex": "0 1 200px",
              "msFlex": "0 1 200px",
              "overflow": "hidden",
            }
          }
          title="Dicki"
        >
          Dicki
        </div>
        <div
          className="ReactVirtualized__Table__rowColumn"
          role="gridcell"
          style={
            Object {
              "WebkitFlex": "0 1 200px",
              "flex": "0 1 200px",
              "msFlex": "0 1 200px",
              "overflow": "hidden",
            }
          }
          title="Monte1@gmail.com"
        >
          Monte1@gmail.com
        </div>
      </div>
      <div
        className="ReactVirtualized__Table__row test--people-list__row"
        role="row"
        style={
          Object {
            "height": 40,
            "left": 0,
            "overflow": "hidden",
            "paddingRight": 0,
            "position": "absolute",
            "top": 600,
            "width": 600,
          }
        }
      >
        <div
          className="ReactVirtualized__Table__rowColumn"
          role="gridcell"
          style={
            Object {
              "WebkitFlex": "0 1 200px",
              "flex": "0 1 200px",
              "msFlex": "0 1 200px",
              "overflow": "hidden",
            }
          }
          title="Aracely"
        >
          Aracely
        </div>
        <div
          className="ReactVirtualized__Table__rowColumn"
          role="gridcell"
          style={
            Object {
              "WebkitFlex": "0 1 200px",
              "flex": "0 1 200px",
              "msFlex": "0 1 200px",
              "overflow": "hidden",
            }
          }
          title="Barrows"
        >
          Barrows
        </div>
        <div
          className="ReactVirtualized__Table__rowColumn"
          role="gridcell"
          style={
            Object {
              "WebkitFlex": "0 1 200px",
              "flex": "0 1 200px",
              "msFlex": "0 1 200px",
              "overflow": "hidden",
            }
          }
          title="Anastacio_Morissette52@hotmail.com"
        >
          Anastacio_Morissette52@hotmail.com
        </div>
      </div>
      <div
        className="ReactVirtualized__Table__row test--people-list__row"
        role="row"
        style={
          Object {
            "height": 40,
            "left": 0,
            "overflow": "hidden",
            "paddingRight": 0,
            "position": "absolute",
            "top": 640,
            "width": 600,
          }
        }
      >
        <div
          className="ReactVirtualized__Table__rowColumn"
          role="gridcell"
          style={
            Object {
              "WebkitFlex": "0 1 200px",
              "flex": "0 1 200px",
              "msFlex": "0 1 200px",
              "overflow": "hidden",
            }
          }
          title="Percival"
        >
          Percival
        </div>
        <div
          className="ReactVirtualized__Table__rowColumn"
          role="gridcell"
          style={
            Object {
              "WebkitFlex": "0 1 200px",
              "flex": "0 1 200px",
              "msFlex": "0 1 200px",
              "overflow": "hidden",
            }
          }
          title="Padberg"
        >
          Padberg
        </div>
        <div
          className="ReactVirtualized__Table__rowColumn"
          role="gridcell"
          style={
            Object {
              "WebkitFlex": "0 1 200px",
              "flex": "0 1 200px",
              "msFlex": "0 1 200px",
              "overflow": "hidden",
            }
          }
          title="Liana.Jones38@yahoo.com"
        >
          Liana.Jones38@yahoo.com
        </div>
      </div>
    </div>
  </div>
</div>
`;
